// Jest Snapshot v1, https://goo.gl/fbAQLP

exports[`<Button /> Snapshots tests should render successfully and match snapshot 1`] = `
<div>
  <button
    class="button"
    type="button"
  >
    Click me
  </button>
</div>
`;
